C:\Users\alexa\Desktop\YorkUProject2\YorkUProject\src\main\java\com\template\NonFacultyMember.java
C:\Users\alexa\Desktop\YorkUProject2\YorkUProject\src\main\java\com\observer\Booking.java
C:\Users\alexa\Desktop\YorkUProject2\YorkUProject\src\main\java\com\template\Student.java
C:\Users\alexa\Desktop\YorkUProject2\YorkUProject\src\main\java\com\prototype\CloneParkingSpace.java
C:\Users\alexa\Desktop\YorkUProject2\YorkUProject\src\main\java\com\service\UserService.java
C:\Users\alexa\Desktop\YorkUProject2\YorkUProject\src\main\java\com\template\Visitor.java
C:\Users\alexa\Desktop\YorkUProject2\YorkUProject\src\main\java\com\factory\PayPalPayment.java
C:\Users\alexa\Desktop\YorkUProject2\YorkUProject\src\main\java\com\singleton\SuperManager.java
C:\Users\alexa\Desktop\YorkUProject2\YorkUProject\src\main\java\com\factory\CreditCardPayment.java
C:\Users\alexa\Desktop\YorkUProject2\YorkUProject\src\main\java\com\factory\PaymentOption.java
C:\Users\alexa\Desktop\YorkUProject2\YorkUProject\src\main\java\com\template\User.java
C:\Users\alexa\Desktop\YorkUProject2\YorkUProject\src\main\java\com\observer\ParkingLot.java
C:\Users\alexa\Desktop\YorkUProject2\YorkUProject\src\main\java\com\template\FacultyMember.java
C:\Users\alexa\Desktop\YorkUProject2\YorkUProject\src\main\java\com\factory\PaymentFactory.java
C:\Users\alexa\Desktop\YorkUProject2\YorkUProject\src\main\java\com\observer\ParkingSpace.java
C:\Users\alexa\Desktop\YorkUProject2\YorkUProject\src\main\java\com\observer\UpdateCSV.java
C:\Users\alexa\Desktop\YorkUProject2\YorkUProject\src\main\java\com\service\ManagerService.java
C:\Users\alexa\Desktop\YorkUProject2\YorkUProject\src\main\java\com\template\Manager.java
C:\Users\alexa\Desktop\YorkUProject2\YorkUProject\src\main\java\com\factory\DebitCardPayment.java
